


[3F[90m[==>] write to first line[0m[K[3E[2F[90m[==>] write to second line[0m[K[2E[1F[90m[==>] write to third line[0m[K[1E[3F[90m[==>] write back to first line[0m[K[3E[1F[90m[==>] now we're on the third line again[0m[K[1E[3F[93m[WRN] something unexpected happened on the first line[0m[K[3E[2F[90m[==>] done[0m[K[2E[1F[90m[==>] done[0m[K[1E[3F[90m[==>] done[0m[K[3E