{"timestamp":"2019-09-10T21:44:00Z","level":"info","msg":"before adding fixed logger 1"}
{"timestamp":"2019-09-10T21:44:00Z","level":"warning","msg":"main logger should still log properly"}
{"timestamp":"2019-09-10T21:44:00Z","level":"info","msg":"after removing fixed logger 1"}
{"timestamp":"2019-09-10T21:44:00Z","level":"info","msg":"before adding fixed logger 2"}
{"timestamp":"2019-09-10T21:44:00Z","level":"info","msg":"before adding fixed logger 3"}
{"timestamp":"2019-09-10T21:44:00Z","level":"info","msg":"regular log"}
{"timestamp":"2019-09-10T21:44:00Z","level":"info","msg":"another regular log (via fl2)"}
{"timestamp":"2019-09-10T21:44:00Z","level":"info","msg":"this should be redirected to parent logger"}
