[==>] this is a progress line
[dbg] this is a verbose line
[nfo] this is an info line
[WRN] this is a warning line
[ERR] this is an error line
[dbg] this is a verbose line
[nfo] this is an info line
[WRN] this is a warning line
[ERR] this is an error line
[nfo] this is an info line
[WRN] this is a warning line
[ERR] this is an error line
[WRN] this is a warning line
[ERR] this is an error line
[ERR] this is an error line
