[37m[nfo] most of these lines will end up the same[0m
[37m[nfo] most of these lines will end up the same[0m
[37m[nfo] most of these lines will end up the same[0m
[37m[nfo] most of these lines will end up the same[0m
[37m[nfo] most of these lines will end up the same[0m
[37m[nfo] most of these lines will end up the same[0m
[37m[nfo] most of these lines will end up the same[0m
[37m[nfo] most of these lines will end up the same[0m
[37m[nfo] except¶these last couple of lines, which have newline breaks[0m
[37m[nfo] except these¶last couple of lines, which¶have newline breaks[0m
[37m[nfo] except these last¶couple of lines,¶¶which have newline breaks[0m
[37m[nfo] except these last couple¶¶of lines, which have newline breaks[0m
[37m[nfo] except these last couple of lines, which¶have¶newline breaks[0m
[37m[nfo] except these last couple¶of lines, which have¶¶¶newline breaks[0m
