[nfo] before adding anchored logger 1

[1F[==>] first anchored line[K[1E
[2F[WRN] main logger should still log properly[K
[==>] first anchored line[K
[1F[==>] first anchored line again[K[1E[1F[K[nfo] after removing anchored logger 1
[nfo] before adding anchored logger 2


[2F[nfo] before adding anchored logger 3[K
[K

[2F[==>] anchor 2 status update A[K[2E
[3F[nfo] regular log[K
[==>] anchor 2 status update A[K
[K
[1F[==>] anchor 3 status update A[K[1E
[3F[nfo] another regular log (via a2)[K
[==>] anchor 2 status update A[K
[==>] anchor 3 status update A[K
[1F[==>] anchor 3 status update B[K[1E[2F[==>] anchor 2 status update B[K[2E[2F[==>] anchor 3 status update B[K[1E[K
[2F[nfo] lines from removed anchors go to parents[K
[==>] anchor 3 status update B[K

[1F[==>] anchor 4 status update A[K[1E
[3F[nfo] done[K
[==>] anchor 3 status update B[K
[==>] anchor 4 status update A[K
