[37m[nfo] [97mbefore adding anchored logger 1[0m
[33m[WRN] [93mmain logger should still log properly[0m
[37m[nfo] [97mafter removing anchored logger 1[0m
[37m[nfo] [97mbefore adding anchored logger 2[0m
[37m[nfo] [97mbefore adding anchored logger 3[0m
[37m[nfo] [97mregular log[0m
[37m[nfo] [97manother regular log (via a2)[0m
[37m[nfo] [97mlines from removed anchors go to parents[0m
[37m[nfo] [97mdone[0m
