


[3F[90m[==>] [32mwrite to first[0m[K[3E[2F[90m[==>] [32mwrite to secon[0m[K[2E[1F[90m[==>] [32mwrite to third[0m[K[1E[3F[90m[==>] [32mwrite back to [0m[K[3E[1F[90m[==>] [32mnow we're on t[0m[K[1E
[4F[33m[WRN] [93msomething unexpected happened on the first line[0m[K
[90m[==>] [32mwrite back to [0m[K
[90m[==>] [32mwrite to secon[0m[K
[90m[==>] [32mnow we're on t[0m[K
[2F[90m[==>] [32mdone[0m[K[2E[1F[90m[==>] [32mdone[0m[K[1E[3F[90m[==>] [32mdone[0m[K[3E