[nfo] before adding anchored logger 1
[WRN] main logger should still log properly
[nfo] after removing anchored logger 1
[nfo] before adding anchored logger 2
[nfo] before adding anchored logger 3
[nfo] regular log
[nfo] another regular log (via a2)
[nfo] lines from removed anchors go to parents
[nfo] done
