[nfo] before adding anchored logger 1
[WRN] main logger should still log properly
[nfo] after removing anchored logger 1
[nfo] before adding anchored logger 2
[nfo] before adding anchored logger 3
[nfo] regular log
[nfo] another regular log (via fl2)
[nfo] this should be redirected to parent logger
