[37m[nfo] [97mbool                                    [37mtrue=[97mtrue[0m
[33m[WRN] [93mbool                                    [33mfalse=[93mfalse[0m
[37m[nfo] [97mbyte                                    [37mmin=[97m0[0m
[33m[WRN] [93mbyte                                    [33mmax=[93m255[0m
[37m[nfo] [97mtime.Duration                           [37mhow_long=[97m2m5s[0m
[33m[WRN] [93mtime.Duration                           [33mthis_long=[93m4h48m1s[0m
[31m[ERR] [91merror                                   [31merror=[91m"this is the error"[0m
[33m[WRN] [93merror                                   [33merror=[93mnull[0m
[37m[nfo] [97mfloat32                                 [37mfloatymc=[97m3.333343267440796[0m
[33m[WRN] [93mfloat32                                 [33mfloatface=[93m-2.0000000072549875e-15[0m
[37m[nfo] [97mfloat64                                 [37mflargen=[97m0[0m
[33m[WRN] [93mfloat64                                 [33mblargen=[93m-1.234456e+78[0m
[37m[nfo] [97mint                                     [37mzero=[97m0[0m
[33m[WRN] [93mint                                     [33mnegative=[93m-1[0m
[37m[nfo] [97mint8                                    [37mmax=[97m127[0m
[33m[WRN] [93mint8                                    [33mmin=[93m-128[0m
[37m[nfo] [97mint16                                   [37mmax=[97m32767[0m
[33m[WRN] [93mint16                                   [33mmin=[93m-32768[0m
[37m[nfo] [97mint32                                   [37mmax=[97m2147483647[0m
[33m[WRN] [93mint32                                   [33mmin=[93m-2147483648[0m
[37m[nfo] [97mint64                                   [37mmax=[97m9223372036854775807[0m
[33m[WRN] [93mint64                                   [33mmin=[93m-9223372036854775808[0m
[37m[nfo] [97mstring                                  [37mempty=[97m""[0m
[37m[nfo] [97mstring                                  [37mspace=[97m" "[0m
[37m[nfo] [97mstring                                  [37mquotes=[97m"\""[0m
[37m[nfo] [97mstring                                  [37mnewline=[97m"\n"[0m
[37m[nfo] [97mstring                                  [37mnewline=[97ma[0m
[37m[nfo] [97mstring                                  [37mpunctuation=[97m!@#$%^&*()_+-=[]{}|;':,.<>?[0m
[33m[WRN] [93mstring                                  [33mlong=[93m"this is a relatively long sentence with ʎzɐɹɔ cha\rac\ters i\n it  \"<<&&>>\""[0m
[37m[nfo] [97mtime.Time                               [37mparty=[97m1999-01-01T00:00:00Z[0m
[33m[WRN] [93mtime.Time                               [33mfuture=[93m2038-07-13T02:55:13Z[0m
[37m[nfo] [97mtime.Time (nano)                        [37mparty=[97m1999-01-01T00:00:00Z[0m
[33m[WRN] [93mtime.Time (nano)                        [33mfuture=[93m2038-07-13T02:55:13.012398456Z[0m
[37m[nfo] [97mtime.Time (unix)                        [37mparty=[97m915148800[0m
[33m[WRN] [93mtime.Time (unix)                        [33mfuture=[93m2162602513[0m
[37m[nfo] [97mtime.Time (unix,nano)                   [37mparty=[97m915148800000000000[0m
[33m[WRN] [93mtime.Time (unix,nano)                   [33mfuture=[93m2162602513012398456[0m
[37m[nfo] [97muint                                    [37mzero=[97m0[0m
[33m[WRN] [93muint                                    [33mone=[93m1[0m
[37m[nfo] [97muint8                                   [37mmax=[97m255[0m
[33m[WRN] [93muint8                                   [33mmin=[93m0[0m
[37m[nfo] [97muint16                                  [37mmax=[97m65535[0m
[33m[WRN] [93muint16                                  [33mmin=[93m0[0m
[37m[nfo] [97muint32                                  [37mmax=[97m4294967295[0m
[33m[WRN] [93muint32                                  [33mmin=[93m0[0m
[37m[nfo] [97muint64                                  [37mmax=[97m18446744073709551615[0m
[33m[WRN] [93muint64                                  [33mmin=[93m0[0m
