[nfo] bool      true=true
[WRN] bool      false=false
[nfo] byte      min=0
[WRN] byte      max=255
[nfo] time.Duration       how_long=2m5s
[WRN] time.Duration       this_long=4h48m1s
[ERR] error     error="this is the error"
[WRN] error     error=null
[nfo] float32   floatymc=3.333343267440796
[WRN] float32   floatface=-2.0000000072549875e-15
[nfo] float64   flargen=0
[WRN] float64   blargen=-1.234456e+78
[nfo] int       zero=0
[WRN] int       negative=-1
[nfo] int8      max=127
[WRN] int8      min=-128
[nfo] int16     max=32767
[WRN] int16     min=-32768
[nfo] int32     max=2147483647
[WRN] int32     min=-2147483648
[nfo] int64     max=9223372036854775807
[WRN] int64     min=-9223372036854775808
[nfo] string    empty=""
[nfo] string    space=" "
[nfo] string    quotes="\""
[nfo] string    newline="\n"
[nfo] string    newline=a
[nfo] string    punctuation=!@#$%^&*()_+-=[]{}|;':,.<>?
[WRN] string    long="this is a relatively long sentence with ʎzɐɹɔ cha\rac\ters i\n it  \"<<&&>>\""
[nfo] time.Time      party=1999-01-01T00:00:00Z
[WRN] time.Time      future=2038-07-13T02:55:13Z
[nfo] time.Time (nano)    party=1999-01-01T00:00:00Z
[WRN] time.Time (nano)    future=2038-07-13T02:55:13.012398456Z
[nfo] time.Time (unix)    party=915148800
[WRN] time.Time (unix)    future=2162602513
[nfo] time.Time (unix,nano)    party=915148800000000000
[WRN] time.Time (unix,nano)    future=2162602513012398456
[nfo] uint      zero=0
[WRN] uint      one=1
[nfo] uint8     max=255
[WRN] uint8     min=0
[nfo] uint16    max=65535
[WRN] uint16    min=0
[nfo] uint32    max=4294967295
[WRN] uint32    min=0
[nfo] uint64    max=18446744073709551615
[WRN] uint64    min=0
