[nfo] true=true      bool
[WRN] false=false    bool
[nfo] min=0     byte
[WRN] max=255   byte
[nfo] how_long=2m5s       time.Duration
[WRN] this_long=4h48m1s   time.Duration
[ERR] error="this is the error"     error
[WRN] error=null     error
[nfo] floatymc=3.3333433       float32
[WRN] floatface=-2e-15    float32
[nfo] flargen=0      float64
[WRN] blargen=-1.234456e+78    float64
[nfo] zero=0    int
[WRN] negative=-1    int
[nfo] max=127   int8
[WRN] min=-128       int8
[nfo] max=32767      int16
[WRN] min=-32768     int16
[nfo] max=2147483647      int32
[WRN] min=-2147483648     int32
[nfo] max=9223372036854775807       int64
[WRN] min=-9223372036854775808      int64
[nfo] empty=""       string
[nfo] space=" "      string
[nfo] quotes="\""    string
[nfo] newline="\n"   string
[nfo] newline=a      string
[nfo] punctuation=!@#$%^&*()_+-=[]{}|;':,.<>?      string
[WRN] long="this is a relatively long sentence with ʎzɐɹɔ cha\rac\ters i\n it  \"<<&&>>\""     string
[nfo] party=1999-01-01T00:00:00Z    time.Time
[WRN] future=2038-07-13T02:55:13Z   time.Time
[nfo] party=1999-01-01T00:00:00Z    time.Time (nano)
[WRN] future=2038-07-13T02:55:13.012398456Z   time.Time (nano)
[nfo] party=915148800     time.Time (unix)
[WRN] future=2162602513   time.Time (unix)
[nfo] party=915148800000000000      time.Time (unix,nano)
[WRN] future=2162602513012398456    time.Time (unix,nano)
[nfo] zero=0    uint
[WRN] one=1     uint
[nfo] max=255   uint8
[WRN] min=0     uint8
[nfo] max=65535      uint16
[WRN] min=0     uint16
[nfo] max=4294967295      uint32
[WRN] min=0     uint32
[nfo] max=18446744073709551615      uint64
[WRN] min=0     uint64
