[90m[==>] [32mthis is a transient line[0m
[36m[dbg] [96mthis is a verbose line[0m
[37m[nfo] [97mthis is an info line[0m
[33m[WRN] [93mthis is a warning line[0m
[31m[ERR] [91mthis is an error line[0m
[36m[dbg] [96mthis is a verbose line[0m
[37m[nfo] [97mthis is an info line[0m
[33m[WRN] [93mthis is a warning line[0m
[31m[ERR] [91mthis is an error line[0m
[37m[nfo] [97mthis is an info line[0m
[33m[WRN] [93mthis is a warning line[0m
[31m[ERR] [91mthis is an error line[0m
[33m[WRN] [93mthis is a warning line[0m
[31m[ERR] [91mthis is an error line[0m
[31m[ERR] [91mthis is an error line[0m
