[nfo] most of these lines will end up the same
[nfo] most of these lines will end up the same
[nfo] most of these lines will end up the same
[nfo] most of these lines will end up the same
[nfo] most of these lines will end up the same
[nfo] most of these lines will end up the same
[nfo] most of these lines will end up the same
[nfo] most of these lines will end up the same
[nfo] except\nthese last couple of lines, which have newline breaks
[nfo] except these\nlast couple of lines, which\nhave newline breaks
[nfo] except these last\ncouple of lines,\n\nwhich have newline breaks
[nfo] except these last couple\n\nof lines, which have newline breaks
[nfo] except these last couple of lines, which\nhave\nnewline breaks
[nfo] except these last couple\nof lines, which have\n\n\nnewline breaks
