[nfo] customized logger   foo=bar n=100
[WRN] customized logger with conflicting field names    foo=bar foo=custom
[ERR] customized logger with and without conflicting field names       foo=bar foo=custom n=200
[90m[nfo] [90mcustomized logger   [90mpalette=[90mdark [90mn=[90m100[0m
[33m[WRN] [93mlocal option overrides customized option     [33mpalette=[93mdark [33mpalette=[93mcolor[0m
